// Jest Snapshot v1, https://goo.gl/fbAQLP

exports[`Testing Tree View renders without crashing and take a snapshot of the structure 1`] = `
<MoiBackground>
  <Navbar />
  <Styled(View)>
    <Styled(Image)
      resizeMode="contain"
      source={1}
      width={300}
    />
  </Styled(View)>
  <TreeBottom />
</MoiBackground>
`;
