// Jest Snapshot v1, https://goo.gl/fbAQLP

exports[`Badge should render expected 1`] = `
<View
  badgeColor="red"
  size={25}
  style={
    Array [
      Object {
        "alignItems": "center",
        "backgroundColor": "red",
        "borderRadius": 12.5,
        "justifyContent": "center",
        "minHeight": 25,
        "minWidth": 25,
        "paddingHorizontal": 2,
        "paddingVertical": 2,
      },
      undefined,
    ]
  }
>
  <Text
    accessible={true}
    allowFontScaling={true}
    disabled={false}
    ellipsizeMode="tail"
    numberColor="white"
    size={25}
    style={
      Array [
        Object {
          "backgroundColor": "transparent",
          "color": "white",
          "fontSize": 13.750000000000002,
          "fontWeight": "bold",
        },
        undefined,
      ]
    }
  >
    0
  </Text>
</View>
`;
