// Jest Snapshot v1, https://goo.gl/fbAQLP

exports[`MoiBackground should render expected 1`] = `
<Image
  height={568}
  resizeMode="cover"
  source={1}
  style={
    Array [
      Object {
        "flexBasis": 0,
        "flexGrow": 1,
        "flexShrink": 1,
        "height": 568,
        "width": 320,
      },
      undefined,
    ]
  }
  width={320}
/>
`;
