// Jest Snapshot v1, https://goo.gl/fbAQLP

exports[`Welcome Scene renders expected markup 1`] = `
<ExponentLinearGradient
  colors={
    Array [
      4284475551,
      4284407719,
      4284927479,
    ]
  }
  end={
    Array [
      1,
      1,
    ]
  }
  locations={null}
  start={
    Array [
      0.1,
      0.1,
    ]
  }
  style={
    Array [
      Object {
        "alignItems": "center",
        "alignSelf": "stretch",
        "flexBasis": 0,
        "flexGrow": 1,
        "flexShrink": 1,
        "justifyContent": "center",
      },
      undefined,
    ]
  }
>
  <Text
    accessible={true}
    allowFontScaling={true}
    color="white"
    disabled={false}
    ellipsizeMode="tail"
    onPress={[Function]}
    style={
      Array [
        Object {
          "backgroundColor": "transparent",
          "color": "white",
          "fontFamily": "Museo900",
          "fontSize": 25,
          "fontWeight": "bold",
          "paddingVertical": 10,
        },
        undefined,
      ]
    }
  >
    <Text
      accessible={true}
      allowFontScaling={true}
      disabled={false}
      ellipsizeMode="tail"
    >
      Hello
    </Text>
    !
  </Text>
  <Text
    accessible={true}
    allowFontScaling={true}
    disabled={false}
    ellipsizeMode="tail"
    style={
      Array [
        Object {
          "backgroundColor": "transparent",
          "fontFamily": "FuturaBold",
          "fontWeight": "bold",
        },
        undefined,
      ]
    }
  >
    <Text
      accessible={true}
      allowFontScaling={true}
      disabled={false}
      ellipsizeMode="tail"
    >
      This is a first component
    </Text>
  </Text>
</ExponentLinearGradient>
`;
