// Jest Snapshot v1, https://goo.gl/fbAQLP

exports[`Content Preview it should render row as expected 1`] = `
<TouchableOpacity
  activeOpacity={0.2}
  focusedOpacity={0.7}
  style={
    Array [
      Object {
        "alignSelf": "stretch",
        "backgroundColor": "#9fbc65",
        "borderColor": "transparent",
        "borderLeftColor": "transparent",
        "borderRadius": 10,
        "borderRightColor": "rgba(255,255,255,0.4)",
        "borderTopColor": "rgba(255,255,255,0.4)",
        "borderWidth": 2,
        "flexDirection": "row",
        "marginBottom": 10,
        "paddingHorizontal": 10,
        "paddingVertical": 10,
        "shadowColor": "#4a4b21",
        "shadowOffset": Object {
          "height": 5,
          "width": -5,
        },
        "shadowOpacity": 0.2,
        "shadowRadius": 2,
      },
      undefined,
    ]
  }
>
  <Styled(Image)
    resizeMode="cover"
    source={
      Object {
        "uri": "http://www.wolaver.org/space/crab.jpg",
      }
    }
  />
  <Styled(View)>
    <Styled(Text)
      ellipsizeMode="tail"
      numberOfLines={1}
    >
      Grab Nebula
    </Styled(Text)>
    <Styled(Text)
      secondary={true}
      small={true}
    >
      Que es?
    </Styled(Text)>
    <Styled(Text)
      ellipsizeMode="tail"
      numberOfLines={4}
      small={true}
    >
      lorem lorem loremlorem lorem lorem laskdj flakd jfalskdfj alskdf jsadkfj jasdl;fk jasdfkl diasdj asdfh aksdfjh akdfjh akldfjhas fjd
    </Styled(Text)>
  </Styled(View)>
</TouchableOpacity>
`;
